com\cloudread\entity\Post.class
com\cloudread\controller\AuthController.class
com\cloudread\dto\book\ChunkInitRequest.class
com\cloudread\service\UserRequestService.class
com\cloudread\config\SecurityConfig.class
com\cloudread\dto\post\PostVO.class
com\cloudread\entity\SystemLog.class
com\cloudread\mapper\BookMapper.class
com\cloudread\dto\book\BookQuery.class
com\cloudread\dto\admin\ReviewRequest.class
com\cloudread\mapper\UserRequestMapper.class
com\cloudread\entity\CommentLike.class
com\cloudread\dto\comment\CommentRequest.class
com\cloudread\entity\VisitLog.class
com\cloudread\entity\UserRequest.class
com\cloudread\dto\book\TraceResponse.class
com\cloudread\entity\ReadingProgress.class
com\cloudread\service\CommentService.class
com\cloudread\dto\CategoryVO.class
com\cloudread\entity\FrontendMonitor.class
com\cloudread\dto\post\PostCommentRequest.class
com\cloudread\service\PostService$1.class
com\cloudread\storage\CoverGenerator.class
com\cloudread\init\DataInitializer.class
com\cloudread\security\JwtAuthFilter.class
com\cloudread\dto\request\PasswordResetRequest.class
com\cloudread\mapper\TraceLogMapper.class
com\cloudread\controller\UserProfileController.class
com\cloudread\service\FavoriteService.class
com\cloudread\service\ConfigService.class
com\cloudread\mapper\CommentMapper.class
com\cloudread\service\BookService.class
com\cloudread\controller\FrontendMonitorController.class
com\cloudread\controller\UserController.class
com\cloudread\mapper\FavoriteMapper.class
com\cloudread\dto\book\VerifyResponse.class
com\cloudread\controller\UserRequestController.class
com\cloudread\security\SecurityUtils.class
com\cloudread\monitor\LogEventPublisher.class
com\cloudread\dto\auth\LoginRequest.class
com\cloudread\entity\Category.class
com\cloudread\entity\PostComment.class
com\cloudread\storage\StoredFile.class
com\cloudread\entity\Favorite.class
com\cloudread\mapper\VisitLogMapper.class
com\cloudread\storage\StorageService.class
com\cloudread\dto\comment\CommentVO.class
com\cloudread\mapper\PostLikeMapper.class
com\cloudread\security\JwtUtil.class
com\cloudread\entity\PostLike.class
com\cloudread\dto\favorite\FavoriteRequest.class
com\cloudread\entity\UserActionLog.class
com\cloudread\entity\Comment.class
com\cloudread\security\JwtUser$SysUserRole.class
com\cloudread\controller\PostController.class
com\cloudread\config\SqliteConfig.class
com\cloudread\mapper\SysUserMapper.class
com\cloudread\monitor\SlowQueryInterceptor.class
com\cloudread\entity\PostCommentLike.class
com\cloudread\entity\TraceLog.class
com\cloudread\monitor\LogBridgeRegistrar.class
com\cloudread\common\Result.class
com\cloudread\security\UserCache.class
com\cloudread\dto\book\BookVO.class
com\cloudread\dto\auth\LoginResponse.class
com\cloudread\dto\comment\LikeResponse.class
com\cloudread\mapper\SystemConfigMapper.class
com\cloudread\controller\CommentController.class
com\cloudread\mapper\CategoryMapper.class
com\cloudread\controller\AdminController.class
com\cloudread\dto\admin\UserStatusRequest.class
com\cloudread\common\GlobalExceptionHandler.class
com\cloudread\dto\request\ProcessPasswordRequest.class
com\cloudread\service\UserProfileService.class
com\cloudread\common\PageResult.class
com\cloudread\dto\admin\ConfigItem.class
com\cloudread\service\UserActionService.class
com\cloudread\monitor\VisitLogFilter.class
com\cloudread\common\TraceIdFilter.class
com\cloudread\controller\FavoriteController.class
com\cloudread\dto\book\ChunkInitResponse.class
com\cloudread\entity\Follow.class
com\cloudread\controller\BookController.class
com\cloudread\mapper\CommentLikeMapper.class
com\cloudread\mapper\PostCommentMapper.class
com\cloudread\monitor\LogStreamWebSocketHandler.class
com\cloudread\config\SpaErrorConfig.class
com\cloudread\CloudReadApplication.class
com\cloudread\service\AdminService.class
com\cloudread\dto\monitor\FrontendReportRequest.class
com\cloudread\mapper\FrontendMonitorMapper.class
com\cloudread\service\AuthService.class
com\cloudread\mapper\ReadingProgressMapper.class
com\cloudread\dto\request\UserRequestVO.class
com\cloudread\service\FollowService.class
com\cloudread\config\OpenApiConfig.class
com\cloudread\service\CategoryService.class
com\cloudread\mapper\UserActionLogMapper.class
com\cloudread\mapper\VersionHistoryMapper.class
com\cloudread\security\JwtUser.class
com\cloudread\monitor\LogEventPublisher$WsMessage.class
com\cloudread\common\BusinessException.class
com\cloudread\dto\post\ReceivedCommentVO.class
com\cloudread\entity\SystemConfig.class
com\cloudread\dto\book\FileRefResponse.class
com\cloudread\entity\Book.class
com\cloudread\dto\user\UserContributionsVO.class
com\cloudread\dto\post\PostCommentVO.class
com\cloudread\entity\VersionHistory.class
com\cloudread\config\WebSocketConfig.class
com\cloudread\monitor\LogbackWebSocketAppender.class
com\cloudread\config\MybatisPlusConfig.class
com\cloudread\mapper\FollowMapper.class
com\cloudread\mapper\PostMapper.class
com\cloudread\config\AsyncConfig.class
com\cloudread\mapper\PostCommentLikeMapper.class
com\cloudread\common\AsyncLogWriter.class
com\cloudread\monitor\LogEvent.class
com\cloudread\service\PostService.class
com\cloudread\entity\SysUser.class
com\cloudread\dto\user\UserProfileVO.class
com\cloudread\service\MonitorService.class
com\cloudread\dto\book\BookMeta.class
com\cloudread\storage\CoverExtractor.class
com\cloudread\config\WebMvcConfig.class
com\cloudread\controller\CategoryController.class
com\cloudread\dto\auth\UserVO.class
com\cloudread\dto\book\ProgressRequest.class
com\cloudread\storage\HashService.class
com\cloudread\common\IpUtils.class
com\cloudread\mapper\SystemLogMapper.class
